\BOOKMARK [1][-]{section.1}{\376\377\000I\000n\000t\000r\000o\000d\000u\000c\000t\000i\000o\000n}{}% 1
\BOOKMARK [1][-]{section.2}{\376\377\000R\000e\000l\000a\000t\000e\000d\000\040\000w\000o\000r\000k}{}% 2
\BOOKMARK [1][-]{section.3}{\376\377\000S\000i\000m\000u\000l\000a\000t\000i\000o\000n\000\040\000e\000n\000v\000i\000r\000o\000n\000m\000e\000n\000t}{}% 3
\BOOKMARK [2][-]{subsection.3.1}{\376\377\000E\000p\000i\000d\000e\000m\000i\000c\000\040\000d\000y\000n\000a\000m\000i\000c\000s}{section.3}% 4
\BOOKMARK [2][-]{subsection.3.2}{\376\377\000W\000h\000e\000r\000e\000\040\000c\000a\000s\000e\000s\000\040\000o\000c\000c\000u\000r\000:\000\040\000s\000p\000a\000t\000i\000a\000l\000\040\000s\000u\000r\000f\000a\000c\000e\000s\000\040\000f\000r\000o\000m\000\040\000s\000u\000r\000v\000e\000i\000l\000l\000a\000n\000c\000e\000\040\000d\000a\000t\000a}{section.3}% 5
\BOOKMARK [2][-]{subsection.3.3}{\376\377\000C\000a\000s\000e\000\040\000m\000i\000x\000:\000\040\000s\000u\000s\000p\000e\000c\000t\000s\000\040\000t\000h\000a\000t\000\040\000a\000r\000e\000\040\000n\000e\000i\000t\000h\000e\000r\000\040\000d\000i\000s\000e\000a\000s\000e}{section.3}% 6
\BOOKMARK [2][-]{subsection.3.4}{\376\377\000C\000l\000i\000n\000i\000c\000i\000a\000n\000s}{section.3}% 7
\BOOKMARK [2][-]{subsection.3.5}{\376\377\000L\000a\000b\000o\000r\000a\000t\000o\000r\000y\000\040\000t\000e\000s\000t\000s\000\040\000a\000n\000d\000\040\000e\000p\000i\000d\000e\000m\000i\000o\000l\000o\000g\000i\000c\000a\000l\000\040\000c\000o\000n\000f\000i\000r\000m\000a\000t\000i\000o\000n}{section.3}% 8
\BOOKMARK [2][-]{subsection.3.6}{\376\377\000D\000e\000c\000i\000s\000i\000o\000n\000\040\000p\000r\000o\000c\000e\000s\000s}{section.3}% 9
\BOOKMARK [2][-]{subsection.3.7}{\376\377\000R\000e\000w\000a\000r\000d}{section.3}% 10
\BOOKMARK [1][-]{section.4}{\376\377\000A\000g\000e\000n\000t\000s}{}% 11
\BOOKMARK [2][-]{subsection.4.1}{\376\377\000F\000i\000x\000e\000d\000\040\000p\000o\000l\000i\000c\000i\000e\000s}{section.4}% 12
\BOOKMARK [2][-]{subsection.4.2}{\376\377\000L\000e\000a\000r\000n\000i\000n\000g\000\040\000a\000g\000e\000n\000t\000s}{section.4}% 13
\BOOKMARK [2][-]{subsection.4.3}{\376\377\000P\000e\000r\000-\000c\000a\000s\000e\000\040\000c\000r\000e\000d\000i\000t\000\040\000a\000s\000s\000i\000g\000n\000m\000e\000n\000t}{section.4}% 14
\BOOKMARK [2][-]{subsection.4.4}{\376\377\000A\000r\000c\000h\000i\000t\000e\000c\000t\000u\000r\000e\000\040\000a\000n\000d\000\040\000t\000r\000a\000i\000n\000i\000n\000g}{section.4}% 15
\BOOKMARK [1][-]{section.5}{\376\377\000E\000v\000a\000l\000u\000a\000t\000i\000o\000n\000\040\000p\000r\000o\000t\000o\000c\000o\000l}{}% 16
\BOOKMARK [1][-]{section.6}{\376\377\000R\000e\000s\000u\000l\000t\000s}{}% 17
\BOOKMARK [2][-]{subsection.6.1}{\376\377\000I\000n\000\040\000r\000e\000a\000l\000\040\000d\000a\000t\000a\000,\000\040\000l\000o\000c\000a\000t\000i\000o\000n\000\040\000b\000a\000r\000e\000l\000y\000\040\000r\000e\000v\000e\000a\000l\000s\000\040\000t\000h\000e\000\040\000d\000i\000s\000e\000a\000s\000e}{section.6}% 18
\BOOKMARK [2][-]{subsection.6.2}{\376\377\000S\000t\000a\000n\000d\000a\000r\000d\000\040\000d\000e\000e\000p\000\040\000R\000L\000\040\000d\000o\000e\000s\000\040\000n\000o\000t\000\040\000l\000e\000a\000r\000n\000\040\000t\000o\000\040\000i\000n\000v\000e\000s\000t\000i\000g\000a\000t\000e\000;\000\040\000p\000e\000r\000-\000c\000a\000s\000e\000\040\000c\000r\000e\000d\000i\000t\000\040\000d\000o\000e\000s}{section.6}% 19
\BOOKMARK [2][-]{subsection.6.3}{\376\377\000W\000i\000t\000h\000\040\000n\000o\000n\000-\000a\000r\000b\000o\000v\000i\000r\000a\000l\000\040\000s\000u\000s\000p\000e\000c\000t\000s\000:\000\040\000t\000h\000e\000\040\000c\000a\000s\000e\000\040\000m\000i\000x\000\040\000d\000e\000c\000i\000d\000e\000s\000\040\000t\000h\000e\000\040\000b\000e\000s\000t\000\040\000r\000u\000l\000e}{section.6}% 20
\BOOKMARK [2][-]{subsection.6.4}{\376\377\000W\000h\000a\000t\000\040\000t\000h\000e\000\040\000a\000g\000e\000n\000t\000\040\000l\000e\000a\000r\000n\000e\000d}{section.6}% 21
\BOOKMARK [2][-]{subsection.6.5}{\376\377\000T\000r\000a\000n\000s\000f\000e\000r\000\040\000a\000c\000r\000o\000s\000s\000\040\000g\000e\000o\000g\000r\000a\000p\000h\000i\000e\000s}{section.6}% 22
\BOOKMARK [2][-]{subsection.6.6}{\376\377\000S\000e\000n\000s\000i\000t\000i\000v\000i\000t\000y\000\040\000t\000o\000\040\000s\000i\000m\000u\000l\000a\000t\000e\000d\000\040\000p\000a\000r\000a\000m\000e\000t\000e\000r\000s}{section.6}% 23
\BOOKMARK [2][-]{subsection.6.7}{\376\377\000C\000o\000n\000f\000i\000r\000m\000a\000t\000i\000o\000n\000\040\000o\000n\000\040\000f\000r\000e\000s\000h\000\040\000o\000u\000t\000b\000r\000e\000a\000k\000s}{section.6}% 24
\BOOKMARK [2][-]{subsection.6.8}{\376\377\000R\000o\000b\000u\000s\000t\000n\000e\000s\000s\000\040\000i\000n\000\040\000t\000h\000e\000\040\000t\000w\000o\000-\000d\000i\000s\000e\000a\000s\000e\000\040\000v\000a\000r\000i\000a\000n\000t}{section.6}% 25
\BOOKMARK [1][-]{section.7}{\376\377\000D\000i\000s\000c\000u\000s\000s\000i\000o\000n}{}% 26
\BOOKMARK [2][-]{subsection.7.1}{\376\377\000L\000i\000m\000i\000t\000a\000t\000i\000o\000n\000s}{section.7}% 27
\BOOKMARK [2][-]{subsection.7.2}{\376\377\000F\000u\000t\000u\000r\000e\000\040\000w\000o\000r\000k}{section.7}% 28
\BOOKMARK [1][-]{section.8}{\376\377\000C\000o\000n\000c\000l\000u\000s\000i\000o\000n}{}% 29
\BOOKMARK [1][-]{appendix.A}{\376\377\000W\000o\000r\000k\000\040\000i\000n\000\040\000p\000r\000o\000g\000r\000e\000s\000s\000\040\000\050\000i\000n\000t\000e\000r\000n\000a\000l\000;\000\040\000r\000e\000m\000o\000v\000e\000\040\000b\000e\000f\000o\000r\000e\000\040\000s\000u\000b\000m\000i\000s\000s\000i\000o\000n\000\051}{}% 30
